src/api/admin.ts(219,44): error TS2769: No overload matches this call.
  Overload 1 of 2, '(value: { id: string | SQL<unknown> | Placeholder<string, any>; data: unknown; tenantId: string | SQL<unknown> | Placeholder<string, any>; inspectionId: string | SQL<...> | Placeholder<...>; lastSyncedAt: SQL<...> | ... 1 more ... | Placeholder<...>; }): SQLiteInsertBase<...>', gave the following error.
    Argument of type '{ id: string; inspectionId: string; data: string; lastSyncedAt: Date; }' is not assignable to parameter of type '{ id: string | SQL<unknown> | Placeholder<string, any>; data: unknown; tenantId: string | SQL<unknown> | Placeholder<string, any>; inspectionId: string | SQL<unknown> | Placeholder<...>; lastSyncedAt: SQL<...> | ... 1 more ... | Placeholder<...>; }'.
      Property 'tenantId' is missing in type '{ id: string; inspectionId: string; data: string; lastSyncedAt: Date; }' but required in type '{ id: string | SQL<unknown> | Placeholder<string, any>; data: unknown; tenantId: string | SQL<unknown> | Placeholder<string, any>; inspectionId: string | SQL<unknown> | Placeholder<...>; lastSyncedAt: SQL<...> | ... 1 more ... | Placeholder<...>; }'.
  Overload 2 of 2, '(values: { id: string | SQL<unknown> | Placeholder<string, any>; data: unknown; tenantId: string | SQL<unknown> | Placeholder<string, any>; inspectionId: string | SQL<...> | Placeholder<...>; lastSyncedAt: SQL<...> | ... 1 more ... | Placeholder<...>; }[]): SQLiteInsertBase<...>', gave the following error.
    Object literal may only specify known properties, and 'id' does not exist in type '{ id: string | SQL<unknown> | Placeholder<string, any>; data: unknown; tenantId: string | SQL<unknown> | Placeholder<string, any>; inspectionId: string | SQL<unknown> | Placeholder<...>; lastSyncedAt: SQL<...> | ... 1 more ... | Placeholder<...>; }[]'.
